// Jest Snapshot v1, https://goo.gl/fbAQLP

exports[`relay-like implementation generates schema as expected 1`] = `
"type Group implements Node {
  \\"\\"\\"The id of the object.\\"\\"\\"
  id: ID!
  name: String!
  members: MemberConnection!
}

type Member implements Node {
  \\"\\"\\"The id of the object.\\"\\"\\"
  id: ID!
  name: String!
  email: String!
}

type MemberConnection {
  edges: [MemberEdge]!
}

type MemberEdge {
  isActive: Boolean!
  since: String!
  node: Member
}

interface Node {
  \\"\\"\\"The id of the object.\\"\\"\\"
  id: ID!
}

type Query {
  group(id: Int!): Group!
}
"
`;

exports[`relay-like implementation should return expected results when queried 1`] = `
"{
  \\"errors\\": [
    {
      \\"message\\": \\"Group not found\\",
      \\"locations\\": [
        {
          \\"line\\": 24,
          \\"column\\": 9
        }
      ],
      \\"path\\": [
        \\"nonFound\\"
      ]
    }
  ],
  \\"data\\": null
}"
`;
